SUBIDA A GITHUB DEL PROYECTO DEL M5

vanin@VaninaC27 MINGW64 ~/OneDrive/Documentos/SoyHenry/Data_Science/Proyectos/M4_Machine_Learning/ProyectoChurnBancario (main)
$ git init
Reinitialized existing Git repository in C:/Users/vanin/OneDrive/Documentos/SoyHenry/Data_Science/Proyectos/M4_Machine_Learning/ProyectoChurnBancario/.git/

vanin@VaninaC27 MINGW64 ~/OneDrive/Documentos/SoyHenry/Data_Science/Proyectos/M4_Machine_Learning/ProyectoChurnBancario (main)
$ git status
On branch main

No commits yet

Untracked files:
  (use "git add <file>..." to include in what will be committed)
        "Documentaci\303\263n/"
        Notebooks/

nothing added to commit but untracked files present (use "git add" to track)

vanin@VaninaC27 MINGW64 ~/OneDrive/Documentos/SoyHenry/Data_Science/Proyectos/M4_Machine_Learning/ProyectoChurnBancario (main)
$ git add .
warning: in the working copy of 'Documentación/Reporte_Modelos.pdf', LF will be replaced by CRLF the next time Git touches it
warning: in the working copy of 'Notebooks/1_EDA_RegresionLogistica.ipynb', LF will be replaced by CRLF the next time Git touches it
warning: in the working copy of 'Notebooks/2_GradientBoosting_Optimizacion.ipynb', LF will be replaced by CRLF the next time Git touches it
warning: in the working copy of 'Notebooks/3_AprendizajeNoSupervisado.ipynb', LF will be replaced by CRLF the next time Git touches it
warning: in the working copy of 'Notebooks/4_Reporte_Modelos.ipynb', LF will be replaced by CRLF the next time Git touches it
warning: in the working copy of 'Notebooks/4_Reporte_Modelos2.ipynb', LF will be replaced by CRLF the next time Git touches it

vanin@VaninaC27 MINGW64 ~/OneDrive/Documentos/SoyHenry/Data_Science/Proyectos/M4_Machine_Learning/ProyectoChurnBancario (main)
$ git status
On branch main

No commits yet

Changes to be committed:
  (use "git rm --cached <file>..." to unstage)
        new file:   "Documentaci\303\263n/Readme.rm"
        new file:   "Documentaci\303\263n/Reporte_Modelos.pdf"
        new file:   Notebooks/1_EDA_RegresionLogistica.ipynb
        new file:   Notebooks/2_GradientBoosting_Optimizacion.ipynb
        new file:   Notebooks/3_AprendizajeNoSupervisado.ipynb
        new file:   Notebooks/4_Reporte_Modelos.ipynb
        new file:   Notebooks/4_Reporte_Modelos2.ipynb
        new file:   Notebooks/Churn_Modelling.csv


vanin@VaninaC27 MINGW64 ~/OneDrive/Documentos/SoyHenry/Data_Science/Proyectos/M4_Machine_Learning/ProyectoChurnBancario (main)
$ git commit -m "ProyectoAñadido"
[main (root-commit) 49464eb] ProyectoAñadido
 8 files changed, 21878 insertions(+)
 create mode 100644 "Documentaci\303\263n/Readme.rm"
 create mode 100644 "Documentaci\303\263n/Reporte_Modelos.pdf"
 create mode 100644 Notebooks/1_EDA_RegresionLogistica.ipynb
 create mode 100644 Notebooks/2_GradientBoosting_Optimizacion.ipynb
 create mode 100644 Notebooks/3_AprendizajeNoSupervisado.ipynb
 create mode 100644 Notebooks/4_Reporte_Modelos.ipynb
 create mode 100644 Notebooks/4_Reporte_Modelos2.ipynb
 create mode 100644 Notebooks/Churn_Modelling.csv

vanin@VaninaC27 MINGW64 ~/OneDrive/Documentos/SoyHenry/Data_Science/Proyectos/M4_Machine_Learning/ProyectoChurnBancario (main)
$ git status
On branch main
nothing to commit, working tree clean

vanin@VaninaC27 MINGW64 ~/OneDrive/Documentos/SoyHenry/Data_Science/Proyectos/M4_Machine_Learning/ProyectoChurnBancario (main)
$ git remote add origin https://github.com/Vanihub27/AnalisisChurnBancario_ConAprendizajeSupervisadoYNoSupervisado.git

vanin@VaninaC27 MINGW64 ~/OneDrive/Documentos/SoyHenry/Data_Science/Proyectos/M4_Machine_Learning/ProyectoChurnBancario (main)
$ git push -u origin main
Enumerating objects: 12, done.
Counting objects: 100% (12/12), done.
Delta compression using up to 20 threads
Compressing objects: 100% (12/12), done.
Writing objects: 100% (12/12), 1.62 MiB | 660.00 KiB/s, done.
Total 12 (delta 1), reused 0 (delta 0), pack-reused 0 (from 0)
remote: Resolving deltas: 100% (1/1), done.
To https://github.com/Vanihub27/AnalisisChurnBancario_ConAprendizajeSupervisadoYNoSupervisado.git
 * [new branch]      main -> main
branch 'main' set up to track 'origin/main'.
